##sqlstart:
CREATE OUTPUT STREAM S (id INT,name STRING) 
SERDE 'com.huawei.streaming.sql.SerDe.CSVSerDe'
SINK 'com.huawei.streaming.output.csvWriter' PROPERTIES ("path" = "/local")
##sqlend
CREATE OUTPUT STREAM s (id INT, name STRING) SERDE 'com.huawei.streaming.sql.SerDe.CSVSerDe' SINK 'com.huawei.streaming.output.csvWriter' PROPERTIES ( 'path' = '/local' )
##sqlstart:
CREATE OUTPUT STREAM S (id INT,name STRING) 
SERDE 'com.huawei.streaming.sql.SerDe.CSVSerDe'  properties ("ip" = "localhost")
SINK 'com.huawei.streaming.output.csvWriter' PROPERTIES ("path" = "/local")
##sqlend
CREATE OUTPUT STREAM s (id INT, name STRING) SERDE 'com.huawei.streaming.sql.SerDe.CSVSerDe' PROPERTIES ( 'ip' = 'localhost' ) SINK 'com.huawei.streaming.output.csvWriter' PROPERTIES ( 'path' = '/local' )
##sqlstart:
CREATE OUTPUT STREAM S (id INT,name String) 
SERDE 'com.huawei.streaming.sql.SerDe.CSVSerDe'  pRoperties ("ip" = "localhost")
SINK 'com.huawei.streaming.output.csvWriter' PROPERTIES ("path" = "/local")
##sqlend
CREATE OUTPUT STREAM s (id INT, name STRING) SERDE 'com.huawei.streaming.sql.SerDe.CSVSerDe' PROPERTIES ( 'ip' = 'localhost' ) SINK 'com.huawei.streaming.output.csvWriter' PROPERTIES ( 'path' = '/local' )
##sqlstart:
CREATE OUTPUT STREAM S (id INT,name String) 
SERDE 'com.huawei.streaming.sql.SerDe.CSVSerDe'
SINK 'com.huawei.streaming.output.csvWriter'
##sqlend
CREATE OUTPUT STREAM s (id INT, name STRING) SERDE 'com.huawei.streaming.sql.SerDe.CSVSerDe' SINK 'com.huawei.streaming.output.csvWriter'
##sqlstart:
CREATE OUTPUT STREAM S (id INT comment 'user id',name String comment 'user name') 
COMMENT 'this is stream comment'
SERDE 'com.huawei.streaming.sql.SerDe.CSVSerDe'
SINK 'com.huawei.streaming.output.csvWriter'
##sqlend
CREATE OUTPUT STREAM s (id INT, name STRING) SERDE 'com.huawei.streaming.sql.SerDe.CSVSerDe' SINK 'com.huawei.streaming.output.csvWriter'
