##sqlstart:
drop application cqltest
##sqlend
DROP APPLICATION cqltest
##sqlstart:
drop application if exists cqltest
##sqlend
DROP APPLICATION IF EXISTS cqltest
